###############################################################################
#
# IAR ELF Linker V3.10.1.201 for STM8                     28/Jun/2019  16:50:51
# Copyright 2010-2017 IAR Systems AB.
#
#    Output file  =  C:\Users\Administrator\Desktop\freq\pro\Debug\Exe\freq.out
#    Map file     =  
#        C:\Users\Administrator\Desktop\freq\pro\Debug\List\freq.map
#    Command line =  
#        -f C:\Users\ADMINI~1\AppData\Local\Temp\EWC921.tmp
#        (C:\Users\Administrator\Desktop\freq\pro\Debug\Obj\bsp_test.o
#        C:\Users\Administrator\Desktop\freq\pro\Debug\Obj\bsp_timer.o
#        C:\Users\Administrator\Desktop\freq\pro\Debug\Obj\bsp_uart1.o
#        C:\Users\Administrator\Desktop\freq\pro\Debug\Obj\main.o
#        C:\Users\Administrator\Desktop\freq\pro\Debug\Obj\stm8s_clk.o
#        C:\Users\Administrator\Desktop\freq\pro\Debug\Obj\stm8s_gpio.o
#        C:\Users\Administrator\Desktop\freq\pro\Debug\Obj\stm8s_it.o
#        C:\Users\Administrator\Desktop\freq\pro\Debug\Obj\stm8s_iwdg.o
#        C:\Users\Administrator\Desktop\freq\pro\Debug\Obj\stm8s_tim2.o
#        C:\Users\Administrator\Desktop\freq\pro\Debug\Obj\stm8s_uart1.o
#        C:\Users\Administrator\Desktop\freq\pro\Debug\Obj\system.o --redirect
#        _Printf=_PrintfSmall --redirect _Scanf=_ScanfSmall -o
#        C:\Users\Administrator\Desktop\freq\pro\Debug\Exe\freq.out --map
#        C:\Users\Administrator\Desktop\freq\pro\Debug\List\freq.map --config
#        "C:\Program Files (x86)\IAR Systems\Embedded Workbench
#        8.0\stm8\config\lnkstm8s103f3.icf" --config_def _CSTACK_SIZE=0x100
#        --config_def _HEAP_SIZE=0x100 --entry __iar_program_start --debug_lib)
#
###############################################################################

*******************************************************************************
*** RUNTIME MODEL ATTRIBUTES
***

__SystemLibrary            = DLib
__code_model               = small
__core                     = stm8
__data_model               = medium
__dlib_file_descriptor     = 0
__dlib_full_locale_support = 0
__rt_version               = 4


*******************************************************************************
*** PLACEMENT SUMMARY
***

"A0":  place at start of [0x000000-0x0000ff] { rw section .vregs };
"A1":  place at end of [0x000000-0x0003ff] { block CSTACK };
"P2":  place in [from 0x000000 to 0x0003ff] {
          block HEAP, rw section __DLIB_PERTHREAD, rw section .far.bss,
          rw section .far.data, rw section .far.noinit,
          rw section .far_func.textrw, rw section .huge.bss,
          rw section .huge.data, rw section .huge.noinit,
          rw section .huge_func.textrw, rw section .iar.dynexit,
          rw section .near.bss, rw section .near.data, rw section .near.noinit,
          rw section .near_func.textrw };
"A2":  place at start of [0x008000-0x009fff] { block INTVEC };
"P3":  place in [from 0x008000 to 0x009fff] {
          ro section __DLIB_PERTHREAD_init, ro section .far.data_init,
          ro section .far_func.textrw_init, ro section .huge.data_init,
          ro section .huge_func.textrw_init, ro section .iar.init_table,
          ro section .init_array, ro section .near.data_init,
          ro section .near.rodata, ro section .near_func.text,
          ro section .near_func.textrw_init, ro section .tiny.data_init,
          ro section .tiny.rodata_init };
"P4":  place in [from 0x008000 to 0x009fff] {
          ro section .far.rodata, ro section .far_func.text };
"P5":  place in [from 0x008000 to 0x009fff] {
          ro section .huge.rodata, ro section .huge_func.text };
do not initialize {
   rw section .eeprom.noinit, rw section .far.noinit, rw section .huge.noinit,
   rw section .near.noinit, rw section .tiny.noinit, rw section .vregs };

  Section          Kind      Address   Size  Object
  -------          ----      -------   ----  ------
"A0":                                  0x10
  .vregs           uninit   0x000000   0x10  vregs.o [4]
                          - 0x000010   0x10

"P2":                                  0x16
  .near.bss        zero     0x000010    0xc  stm8s_it.o [1]
  .near.bss        zero     0x00001c    0x2  stm8s_it.o [1]
  .near.bss        zero     0x00001e    0x2  stm8s_it.o [1]
  .near.bss        zero     0x000020    0x1  stm8s_it.o [1]
  .near.bss        zero     0x000021    0x1  stm8s_it.o [1]
  .near.bss        zero     0x000022    0x1  stm8s_it.o [1]
  .near.bss        zero     0x000023    0x1  stm8s_it.o [1]
  .near.bss        zero     0x000024    0x1  stm8s_it.o [1]
  .near.bss        zero     0x000025    0x1  system.o [1]
                          - 0x000026   0x16

"A1":                                 0x100
  CSTACK                    0x000300  0x100  <Block>
    CSTACK         uninit   0x000300  0x100  <Block tail>
                          - 0x000400  0x100

"A2":                                  0x80
  INTVEC                    0x008000   0x80  <Block>
    .intvec        const    0x008000   0x80  interrupt.o [4]
                          - 0x008080   0x80

"P3-P5":                              0xef5
  .near_func.text  ro code  0x008080  0x222  stm8s_uart1.o [1]
  .near_func.text  ro code  0x0082a2  0x176  long.o [4]
  .near_func.text  ro code  0x008418  0x13e  stm8s_it.o [1]
  .near_func.text  ro code  0x008556  0x110  stm8s_gpio.o [1]
  .near_func.text  ro code  0x008666   0xf2  vreg_util.o [4]
  .near_func.text  ro code  0x008758   0xe6  stm8s_tim2.o [1]
  .near_func.text  ro code  0x00883e   0x59  stm8s_tim2.o [1]
  .near_func.text  ro code  0x008897   0x57  stm8s_clk.o [1]
  .near_func.text  ro code  0x0088ee   0x55  stm8s_tim2.o [1]
  .near_func.text  ro code  0x008943   0x54  stm8s_tim2.o [1]
  .near_func.text  ro code  0x008997   0x47  long_util.o [4]
  .near_func.text  ro code  0x0089de   0x41  bsp_timer.o [1]
  .near_func.text  ro code  0x008a1f   0x3d  stm8s_clk.o [1]
  .near.rodata     const    0x008a5c   0x3a  stm8s_uart1.o [1]
  .near.rodata     const    0x008a96   0x39  stm8s_gpio.o [1]
  .near.rodata     const    0x008acf   0x39  stm8s_tim2.o [1]
  .near.rodata     const    0x008b08   0x38  stm8s_clk.o [1]
  .near_func.text  ro code  0x008b40   0x37  stm8s_tim2.o [1]
  .near_func.text  ro code  0x008b77   0x37  stm8s_tim2.o [1]
  .near_func.text  ro code  0x008bae   0x37  stm8s_tim2.o [1]
  .near_func.text  ro code  0x008be5   0x36  stm8s_uart1.o [1]
  .near_func.text  ro code  0x008c1b   0x33  dc_util.o [4]
  .near_func.text  ro code  0x008c4e   0x2f  stm8s_tim2.o [1]
  .near_func.text  ro code  0x008c7d   0x2f  stm8s_tim2.o [1]
  .near_func.text  ro code  0x008cac   0x2e  stm8s_tim2.o [1]
  .near_func.text  ro code  0x008cda   0x2e  stm8s_tim2.o [1]
  .near_func.text  ro code  0x008d08   0x2e  stm8s_tim2.o [1]
  .near_func.text  ro code  0x008d36   0x2e  short.o [4]
  .near_func.text  ro code  0x008d64   0x2d  stm8s_uart1.o [1]
  .near_func.text  ro code  0x008d91   0x2c  stm8s_tim2.o [1]
  .near_func.text  ro code  0x008dbd   0x2b  stm8s_it.o [1]
  .near_func.text  ro code  0x008de8   0x28  stm8s_tim2.o [1]
  .iar.init_table  const    0x008e10    0x8  - Linker created -
  .near_func.text  ro code  0x008e18   0x20  bsp_uart1.o [1]
  .near_func.text  ro code  0x008e38   0x1f  stm8s_it.o [1]
  .near_func.text  ro code  0x008e57   0x1e  init_small.o [4]
  .near_func.text  ro code  0x008e75   0x19  stm8s_it.o [1]
  .near_func.text  ro code  0x008e8e   0x19  system.o [1]
  .near_func.text  ro code  0x008ea7   0x16  memset.o [4]
  .near_func.text  ro code  0x008ebd   0x14  bsp_test.o [1]
  .near_func.text  ro code  0x008ed1   0x14  init.o [4]
  .near_func.text  ro code  0x008ee5   0x14  __dbg_xxexit.o [3]
  .near_func.text  ro code  0x008ef9   0x13  cstartup.o [4]
  .near_func.text  ro code  0x008f0c   0x10  system.o [1]
  .near_func.text  ro code  0x008f1c    0xd  stm8s_uart1.o [1]
  .near_func.text  ro code  0x008f29    0xc  stm8s_tim2.o [1]
  .near_func.text  ro code  0x008f35    0x8  main.o [1]
  .near_func.text  ro code  0x008f3d    0x7  stm8s_gpio.o [1]
  .near_func.text  ro code  0x008f44    0x5  cexit.o [4]
  .near.rodata     const    0x008f49    0x4  stm8s_clk.o [1]
  .near_func.text  ro code  0x008f4d    0x4  stm8s_gpio.o [1]
  .near_func.text  ro code  0x008f51    0x4  stm8s_uart1.o [1]
  .near_func.text  ro code  0x008f55    0x3  interrupt.o [4]
  .near_func.text  ro code  0x008f58    0x3  low_level_init.o [4]
  .near_func.text  ro code  0x008f5b    0x3  exit.o [4]
  .near_func.text  ro code  0x008f5e    0x3  unhandled_exception.o [4]
  .near_func.text  ro code  0x008f61    0x2  main.o [1]
  .near_func.text  ro code  0x008f63    0x1  stm8s_it.o [1]
  .near_func.text  ro code  0x008f64    0x1  stm8s_it.o [1]
  .near_func.text  ro code  0x008f65    0x1  stm8s_it.o [1]
  .near_func.text  ro code  0x008f66    0x1  stm8s_it.o [1]
  .near_func.text  ro code  0x008f67    0x1  stm8s_it.o [1]
  .near_func.text  ro code  0x008f68    0x1  stm8s_it.o [1]
  .near_func.text  ro code  0x008f69    0x1  stm8s_it.o [1]
  .near_func.text  ro code  0x008f6a    0x1  stm8s_it.o [1]
  .near_func.text  ro code  0x008f6b    0x1  stm8s_it.o [1]
  .near_func.text  ro code  0x008f6c    0x1  stm8s_it.o [1]
  .near_func.text  ro code  0x008f6d    0x1  stm8s_it.o [1]
  .near_func.text  ro code  0x008f6e    0x1  stm8s_it.o [1]
  .near_func.text  ro code  0x008f6f    0x1  stm8s_it.o [1]
  .near_func.text  ro code  0x008f70    0x1  stm8s_it.o [1]
  .near_func.text  ro code  0x008f71    0x1  stm8s_it.o [1]
  .near_func.text  ro code  0x008f72    0x1  stm8s_it.o [1]
  .near_func.text  ro code  0x008f73    0x1  stm8s_it.o [1]
  .near_func.text  ro code  0x008f74    0x1  __dbg_break.o [3]
                          - 0x008f75  0xef5


*******************************************************************************
*** INIT TABLE
***

          Address   Size
          -------   ----
Zero (__iar_zero_init2)
    1 destination range, total size 0x16:
          0x000010  0x16



*******************************************************************************
*** MODULE SUMMARY
***

    Module                 ro code  ro data  rw data
    ------                 -------  -------  -------
C:\Users\Administrator\Desktop\freq\pro\Debug\Obj: [1]
    bsp_test.o                  20
    bsp_timer.o                 65
    bsp_uart1.o                 32
    main.o                      10
    stm8s_clk.o                148       60
    stm8s_gpio.o               283       57
    stm8s_it.o                 434                21
    stm8s_tim2.o               981       57
    stm8s_uart1.o              662       58
    system.o                    41                 1
    ------------------------------------------------
    Total:                   2 676      232       22

command line: [2]
    ------------------------------------------------
    Total:

dbgstm8smd.a: [3]
    __dbg_break.o                1
    __dbg_xxexit.o              20
    ------------------------------------------------
    Total:                      21

dlstm8smn.a: [4]
    cexit.o                      5
    cstartup.o                  19
    dc_util.o                   51
    exit.o                       3
    init.o                      20
    init_small.o                30
    interrupt.o                  3      128
    long.o                     374
    long_util.o                 71
    low_level_init.o             3
    memset.o                    22
    short.o                     46
    unhandled_exception.o        3
    vreg_util.o                242
    vregs.o                                       16
    ------------------------------------------------
    Total:                     892      128       16

    Linker created                        8      256
----------------------------------------------------
    Grand Total:             3 589      368      294


*******************************************************************************
*** ENTRY LIST
***

Entry                    Address   Size  Type      Object
-----                    -------   ----  ----      ------
.iar.init_table$$Base   0x008e10          --   Gb  - Linker created -
.iar.init_table$$Limit  0x008e18          --   Gb  - Linker created -
?and16_x_x_dw           0x008d54         Code  Gb  short.o [4]
?and16_x_x_w0           0x008d57         Code  Gb  short.o [4]
?b0                     0x000000         Data  Gb  vregs.o [4]
?b1                     0x000001         Data  Gb  vregs.o [4]
?b10                    0x00000a         Data  Gb  vregs.o [4]
?b11                    0x00000b         Data  Gb  vregs.o [4]
?b12                    0x00000c         Data  Gb  vregs.o [4]
?b13                    0x00000d         Data  Gb  vregs.o [4]
?b14                    0x00000e         Data  Gb  vregs.o [4]
?b15                    0x00000f         Data  Gb  vregs.o [4]
?b2                     0x000002         Data  Gb  vregs.o [4]
?b3                     0x000003         Data  Gb  vregs.o [4]
?b4                     0x000004         Data  Gb  vregs.o [4]
?b5                     0x000005         Data  Gb  vregs.o [4]
?b6                     0x000006         Data  Gb  vregs.o [4]
?b7                     0x000007         Data  Gb  vregs.o [4]
?b8                     0x000008         Data  Gb  vregs.o [4]
?b9                     0x000009         Data  Gb  vregs.o [4]
?dc16_w0                0x008c1b         Code  Gb  dc_util.o [4]
?dc32_l0                0x008c29         Code  Gb  dc_util.o [4]
?dc32_l1                0x008c36         Code  Gb  dc_util.o [4]
?dc32_px                0x008c43         Code  Gb  dc_util.o [4]
?e0                     0x000001         Data  Gb  vregs.o [4]
?e1                     0x000005         Data  Gb  vregs.o [4]
?e2                     0x000009         Data  Gb  vregs.o [4]
?e3                     0x00000d         Data  Gb  vregs.o [4]
?epilogue_l2            0x0086f5         Code  Gb  vreg_util.o [4]
?epilogue_l2_l3         0x0086f2         Code  Gb  vreg_util.o [4]
?epilogue_w4            0x0086f9         Code  Gb  vreg_util.o [4]
?l0                     0x000000         Data  Gb  vregs.o [4]
?l1                     0x000004         Data  Gb  vregs.o [4]
?l2                     0x000008         Data  Gb  vregs.o [4]
?l3                     0x00000c         Data  Gb  vregs.o [4]
?load32_0x_l0           0x0089d0         Code  Gb  long_util.o [4]
?load32_asp_l0          0x0089c4         Code  Gb  long_util.o [4]
?load32_dbsp_l0         0x0089bf         Code  Gb  long_util.o [4]
?load32_l0_0x           0x0089a7         Code  Gb  long_util.o [4]
?load32_l0_asp          0x00899c         Code  Gb  long_util.o [4]
?load32_l0_dbsp         0x008997         Code  Gb  long_util.o [4]
?load32_l0_xsp          0x00899e         Code  Gb  long_util.o [4]
?load32_l1_0x           0x0089b3         Code  Gb  long_util.o [4]
?load32_xsp_l0          0x0089c6         Code  Gb  long_util.o [4]
?mov_e0_e2              0x008700         Code  Gb  vreg_util.o [4]
?mov_e0_e3              0x00870d         Code  Gb  vreg_util.o [4]
?mov_e1_e0              0x00871a         Code  Gb  vreg_util.o [4]
?mov_e1_e2              0x008727         Code  Gb  vreg_util.o [4]
?mov_e1_e3              0x008734         Code  Gb  vreg_util.o [4]
?mov_e2_e0              0x008741         Code  Gb  vreg_util.o [4]
?mov_e3_e0              0x00874e         Code  Gb  vreg_util.o [4]
?mov_l0_l2              0x0086fd         Code  Gb  vreg_util.o [4]
?mov_l0_l3              0x00870a         Code  Gb  vreg_util.o [4]
?mov_l1_l0              0x008717         Code  Gb  vreg_util.o [4]
?mov_l1_l2              0x008724         Code  Gb  vreg_util.o [4]
?mov_l1_l3              0x008731         Code  Gb  vreg_util.o [4]
?mov_l2_l0              0x00873e         Code  Gb  vreg_util.o [4]
?mov_l3_l0              0x00874b         Code  Gb  vreg_util.o [4]
?mov_w1_w5              0x008703         Code  Gb  vreg_util.o [4]
?mov_w1_w7              0x008710         Code  Gb  vreg_util.o [4]
?mov_w3_w1              0x00871d         Code  Gb  vreg_util.o [4]
?mov_w3_w5              0x00872a         Code  Gb  vreg_util.o [4]
?mov_w3_w7              0x008737         Code  Gb  vreg_util.o [4]
?mov_w5_w1              0x008744         Code  Gb  vreg_util.o [4]
?mov_w7_w1              0x008751         Code  Gb  vreg_util.o [4]
?mul16_x_x_w0           0x008d36         Code  Gb  short.o [4]
?mul32_l0_l0_0x         0x0082c0         Code  Gb  long.o [4]
?mul32_l0_l0_dl         0x0082bd         Code  Gb  long.o [4]
?mul32_l0_l0_l1         0x0082c9         Code  Gb  long.o [4]
?pop_l0                 0x0086be         Code  Gb  vreg_util.o [4]
?pop_l1                 0x0086c9         Code  Gb  vreg_util.o [4]
?pop_l2                 0x0086d4         Code  Gb  vreg_util.o [4]
?pop_l3                 0x0086df         Code  Gb  vreg_util.o [4]
?pop_w4                 0x00867e         Code  Gb  vreg_util.o [4]
?push_l0                0x00868d         Code  Gb  vreg_util.o [4]
?push_l1                0x008692         Code  Gb  vreg_util.o [4]
?push_l2                0x008697         Code  Gb  vreg_util.o [4]
?push_l3                0x00869c         Code  Gb  vreg_util.o [4]
?push_w4                0x008666         Code  Gb  vreg_util.o [4]
?sdiv32_l0_dl_l1        0x0083bc         Code  Gb  long.o [4]
?sdiv32_l0_l0_l1        0x0083c1         Code  Gb  long.o [4]
?sll32_0x_0x_a          0x00840a         Code  Gb  long.o [4]
?sll32_l0_l0_a          0x008407         Code  Gb  long.o [4]
?smod32_l1_l0_l1        0x0083c1         Code  Gb  long.o [4]
?srl16_x_x_4            0x008d5f         Code  Gb  short.o [4]
?sub32_l0_l0_0x         0x0082a5         Code  Gb  long.o [4]
?sub32_l0_l0_l1         0x0082a2         Code  Gb  long.o [4]
?udiv32_l0_dl_l1        0x008347         Code  Gb  long.o [4]
?udiv32_l0_l0_dl        0x00834c         Code  Gb  long.o [4]
?udiv32_l0_l0_l1        0x00834f         Code  Gb  long.o [4]
?umod32_l1_l0_l1        0x00834f         Code  Gb  long.o [4]
?w0                     0x000000         Data  Gb  vregs.o [4]
?w1                     0x000002         Data  Gb  vregs.o [4]
?w2                     0x000004         Data  Gb  vregs.o [4]
?w3                     0x000006         Data  Gb  vregs.o [4]
?w4                     0x000008         Data  Gb  vregs.o [4]
?w5                     0x00000a         Data  Gb  vregs.o [4]
?w6                     0x00000c         Data  Gb  vregs.o [4]
?w7                     0x00000e         Data  Gb  vregs.o [4]
ADC1_IRQHandler         0x008f71    0x1  Code  Gb  stm8s_it.o [1]
AWU_IRQHandler          0x008f65    0x1  Code  Gb  stm8s_it.o [1]
CLK_GetClockFreq        0x008897   0x57  Code  Gb  stm8s_clk.o [1]
CLK_HSIPrescalerConfig  0x008a1f   0x3d  Code  Gb  stm8s_clk.o [1]
CLK_IRQHandler          0x008f66    0x1  Code  Gb  stm8s_it.o [1]
CSTACK$$Base            0x000300          --   Gb  - Linker created -
CSTACK$$Limit           0x000400          --   Gb  - Linker created -
EEPROM_EEC_IRQHandler   0x008f73    0x1  Code  Gb  stm8s_it.o [1]
EXTI_PORTA_IRQHandler   0x008f67    0x1  Code  Gb  stm8s_it.o [1]
EXTI_PORTB_IRQHandler   0x008f68    0x1  Code  Gb  stm8s_it.o [1]
EXTI_PORTC_IRQHandler   0x008f69    0x1  Code  Gb  stm8s_it.o [1]
EXTI_PORTD_IRQHandler   0x008f6a    0x1  Code  Gb  stm8s_it.o [1]
EXTI_PORTE_IRQHandler   0x008f6b    0x1  Code  Gb  stm8s_it.o [1]
GPIO_Init               0x008556  0x110  Code  Gb  stm8s_gpio.o [1]
GPIO_WriteHigh          0x008f3d    0x7  Code  Gb  stm8s_gpio.o [1]
GPIO_WriteLow           0x008f4d    0x4  Code  Gb  stm8s_gpio.o [1]
HSIDivFactor            0x008f49    0x4  Data  Gb  stm8s_clk.o [1]
I2C_IRQHandler          0x008f70    0x1  Code  Gb  stm8s_it.o [1]
INTVEC$$Base            0x008000          --   Gb  - Linker created -
INTVEC$$Limit           0x008080          --   Gb  - Linker created -
Region$$Table$$Base     0x008e10          --   Gb  - Linker created -
Region$$Table$$Limit    0x008e18          --   Gb  - Linker created -
SPI_IRQHandler          0x008f6c    0x1  Code  Gb  stm8s_it.o [1]
System_Handle           0x008e8e   0x19  Code  Gb  system.o [1]
System_Handle::Cnts     0x000025    0x1  Data  Lc  system.o [1]
System_Init             0x008f0c   0x10  Code  Gb  system.o [1]
TI1_Config              0x008cac   0x2e  Code  Lc  stm8s_tim2.o [1]
TI2_Config              0x008cda   0x2e  Code  Lc  stm8s_tim2.o [1]
TI3_Config              0x008d08   0x2e  Code  Lc  stm8s_tim2.o [1]
TIM1_CAP_COM_IRQHandler
                        0x008f6e    0x1  Code  Gb  stm8s_it.o [1]
TIM1_UPD_OVF_TRG_BRK_IRQHandler
                        0x008f6d    0x1  Code  Gb  stm8s_it.o [1]
TIM2_CAP_COM_IRQHandler
                        0x008418  0x13e  Code  Gb  stm8s_it.o [1]
TIM2_CAP_COM_IRQHandler{1}{2}::num
                        0x000024    0x1  Data  Lc  stm8s_it.o [1]
TIM2_CAP_COM_IRQHandler{1}{2}::set_num1
                        0x00001c    0x2  Data  Lc  stm8s_it.o [1]
TIM2_CAP_COM_IRQHandler{1}{2}::set_num2
                        0x00001e    0x2  Data  Lc  stm8s_it.o [1]
TIM2_CAP_COM_IRQHandler{1}{2}::timer1
                        0x000022    0x1  Data  Lc  stm8s_it.o [1]
TIM2_CAP_COM_IRQHandler{1}{2}::timer2
                        0x000023    0x1  Data  Lc  stm8s_it.o [1]
TIM2_ClearFlag          0x008c7d   0x2f  Code  Gb  stm8s_tim2.o [1]
TIM2_ClearITPendingBit  0x008de8   0x28  Code  Gb  stm8s_tim2.o [1]
TIM2_Cmd                0x008c4e   0x2f  Code  Gb  stm8s_tim2.o [1]
TIM2_DeInit             0x00883e   0x59  Code  Gb  stm8s_tim2.o [1]
TIM2_GetCapture2        0x008d91   0x2c  Code  Gb  stm8s_tim2.o [1]
TIM2_GetITStatus        0x0088ee   0x55  Code  Gb  stm8s_tim2.o [1]
TIM2_ICInit             0x008758   0xe6  Code  Gb  stm8s_tim2.o [1]
TIM2_ITConfig           0x008943   0x54  Code  Gb  stm8s_tim2.o [1]
TIM2_SetIC1Prescaler    0x008b40   0x37  Code  Gb  stm8s_tim2.o [1]
TIM2_SetIC2Prescaler    0x008b77   0x37  Code  Gb  stm8s_tim2.o [1]
TIM2_SetIC3Prescaler    0x008bae   0x37  Code  Gb  stm8s_tim2.o [1]
TIM2_TimeBaseInit       0x008f29    0xc  Code  Gb  stm8s_tim2.o [1]
TIM2_UPD_OVF_BRK_IRQHandler
                        0x008e38   0x1f  Code  Gb  stm8s_it.o [1]
TIM4_UPD_OVF_IRQHandler
                        0x008f72    0x1  Code  Gb  stm8s_it.o [1]
TLI_IRQHandler          0x008f64    0x1  Code  Gb  stm8s_it.o [1]
TRAP_IRQHandler         0x008f63    0x1  Code  Gb  stm8s_it.o [1]
Test_Init               0x008ebd   0x14  Code  Gb  bsp_test.o [1]
Timer2_Init             0x0089de   0x41  Code  Gb  bsp_timer.o [1]
UART1_ClearITPendingBit
                        0x008be5   0x36  Code  Gb  stm8s_uart1.o [1]
UART1_Cmd               0x008f1c    0xd  Code  Gb  stm8s_uart1.o [1]
UART1_DeInit            0x008d64   0x2d  Code  Gb  stm8s_uart1.o [1]
UART1_Init              0x008080  0x222  Code  Gb  stm8s_uart1.o [1]
UART1_RX_IRQHandler     0x008e75   0x19  Code  Gb  stm8s_it.o [1]
UART1_Send              0x008dbd   0x2b  Code  Gb  stm8s_it.o [1]
UART1_Send::i           0x000021    0x1  Data  Lc  stm8s_it.o [1]
UART1_SendData8         0x008f51    0x4  Code  Gb  stm8s_uart1.o [1]
UART1_TX_IRQHandler     0x008f6f    0x1  Code  Gb  stm8s_it.o [1]
Uart1_Init              0x008e18   0x20  Code  Gb  bsp_uart1.o [1]
__DebugBreak            0x008f74    0x1  Code  Gb  __dbg_break.o [3]
__exit                  0x008ee5   0x14  Code  Gb  __dbg_xxexit.o [3]
__iar_data_init2        0x008ed1   0x14  Code  Gb  init.o [4]
__iar_program_start     0x008ef9         Code  Gb  cstartup.o [4]
__iar_unhandled_exception
                        0x008f5e         Code  Gb  unhandled_exception.o [4]
__iar_zero_init2        0x008e57         Code  Gb  init_small.o [4]
__intvec                0x008000         Data  Gb  interrupt.o [4]
__low_level_init        0x008f58    0x3  Code  Gb  low_level_init.o [4]
_exit                   0x008f44         Code  Gb  cexit.o [4]
_interrupt_1            0x008f63         Code  Gb  stm8s_it.o [1]
_interrupt_12           0x008f6c         Code  Gb  stm8s_it.o [1]
_interrupt_13           0x008f6d         Code  Gb  stm8s_it.o [1]
_interrupt_14           0x008f6e         Code  Gb  stm8s_it.o [1]
_interrupt_15           0x008e38         Code  Gb  stm8s_it.o [1]
_interrupt_16           0x008418         Code  Gb  stm8s_it.o [1]
_interrupt_19           0x008f6f         Code  Gb  stm8s_it.o [1]
_interrupt_2            0x008f64         Code  Gb  stm8s_it.o [1]
_interrupt_20           0x008e75         Code  Gb  stm8s_it.o [1]
_interrupt_21           0x008f70         Code  Gb  stm8s_it.o [1]
_interrupt_24           0x008f71         Code  Gb  stm8s_it.o [1]
_interrupt_25           0x008f72         Code  Gb  stm8s_it.o [1]
_interrupt_26           0x008f73         Code  Gb  stm8s_it.o [1]
_interrupt_3            0x008f65         Code  Gb  stm8s_it.o [1]
_interrupt_4            0x008f66         Code  Gb  stm8s_it.o [1]
_interrupt_5            0x008f67         Code  Gb  stm8s_it.o [1]
_interrupt_6            0x008f68         Code  Gb  stm8s_it.o [1]
_interrupt_7            0x008f69         Code  Gb  stm8s_it.o [1]
_interrupt_8            0x008f6a         Code  Gb  stm8s_it.o [1]
_interrupt_9            0x008f6b         Code  Gb  stm8s_it.o [1]
assert_failed           0x008f61    0x2  Code  Gb  main.o [1]
buf                     0x000010    0xc  Data  Gb  stm8s_it.o [1]
exit                    0x008f5b    0x3  Code  Gb  exit.o [4]
fet                     0x000020    0x1  Data  Gb  stm8s_it.o [1]
main                    0x008f35    0x8  Code  Gb  main.o [1]
memset                  0x008ea7   0x16  Code  Gb  memset.o [4]


[1] = C:\Users\Administrator\Desktop\freq\pro\Debug\Obj
[2] = command line
[3] = dbgstm8smd.a
[4] = dlstm8smn.a

  3 589 bytes of readonly  code memory
    368 bytes of readonly  data memory
    294 bytes of readwrite data memory

Errors: none
Warnings: none
